[2026-07-13 15:16:51] INFO  WEBrick 1.3.1
[2026-07-13 15:16:51] INFO  ruby 2.3.8 (2018-10-18) [aarch64-linux]
[2026-07-13 15:16:51] INFO  WEBrick::HTTPServer#start: pid=1 port=3001
[2026-07-13 15:16:53] ERROR LocalJumpError: unexpected return
	bright_harness.rb:108:in `block in <main>'
	/usr/local/bundle/gems/rack-1.6.4/lib/rack/handler/webrick.rb:88:in `service'
	/usr/local/lib/ruby/2.3.0/webrick/httpserver.rb:140:in `service'
	/usr/local/lib/ruby/2.3.0/webrick/httpserver.rb:96:in `run'
	/usr/local/lib/ruby/2.3.0/webrick/server.rb:314:in `block in start_thread'
192.168.65.1 - - [13/Jul/2026:15:16:53 UTC] "GET /health HTTP/1.1" 500 297
- -> /health
[2026-07-13 15:16:55] ERROR LocalJumpError: unexpected return
	bright_harness.rb:108:in `block in <main>'
	/usr/local/bundle/gems/rack-1.6.4/lib/rack/handler/webrick.rb:88:in `service'
	/usr/local/lib/ruby/2.3.0/webrick/httpserver.rb:140:in `service'
	/usr/local/lib/ruby/2.3.0/webrick/httpserver.rb:96:in `run'
	/usr/local/lib/ruby/2.3.0/webrick/server.rb:314:in `block in start_thread'
192.168.65.1 - - [13/Jul/2026:15:16:55 UTC] "GET /health HTTP/1.1" 500 297
- -> /health
[2026-07-13 15:16:57] ERROR LocalJumpError: unexpected return
	bright_harness.rb:108:in `block in <main>'
	/usr/local/bundle/gems/rack-1.6.4/lib/rack/handler/webrick.rb:88:in `service'
	/usr/local/lib/ruby/2.3.0/webrick/httpserver.rb:140:in `service'
	/usr/local/lib/ruby/2.3.0/webrick/httpserver.rb:96:in `run'
	/usr/local/lib/ruby/2.3.0/webrick/server.rb:314:in `block in start_thread'
192.168.65.1 - - [13/Jul/2026:15:16:57 UTC] "GET /health HTTP/1.1" 500 297
- -> /health
[2026-07-13 15:16:59] ERROR LocalJumpError: unexpected return
	bright_harness.rb:108:in `block in <main>'
	/usr/local/bundle/gems/rack-1.6.4/lib/rack/handler/webrick.rb:88:in `service'
	/usr/local/lib/ruby/2.3.0/webrick/httpserver.rb:140:in `service'
	/usr/local/lib/ruby/2.3.0/webrick/httpserver.rb:96:in `run'
	/usr/local/lib/ruby/2.3.0/webrick/server.rb:314:in `block in start_thread'
192.168.65.1 - - [13/Jul/2026:15:16:59 UTC] "GET /health HTTP/1.1" 500 297
- -> /health
[2026-07-13 15:17:01] ERROR LocalJumpError: unexpected return
	bright_harness.rb:108:in `block in <main>'
	/usr/local/bundle/gems/rack-1.6.4/lib/rack/handler/webrick.rb:88:in `service'
	/usr/local/lib/ruby/2.3.0/webrick/httpserver.rb:140:in `service'
	/usr/local/lib/ruby/2.3.0/webrick/httpserver.rb:96:in `run'
	/usr/local/lib/ruby/2.3.0/webrick/server.rb:314:in `block in start_thread'
192.168.65.1 - - [13/Jul/2026:15:17:01 UTC] "GET /health HTTP/1.1" 500 297
- -> /health
[2026-07-13 15:17:03] ERROR LocalJumpError: unexpected return
	bright_harness.rb:108:in `block in <main>'
	/usr/local/bundle/gems/rack-1.6.4/lib/rack/handler/webrick.rb:88:in `service'
	/usr/local/lib/ruby/2.3.0/webrick/httpserver.rb:140:in `service'
	/usr/local/lib/ruby/2.3.0/webrick/httpserver.rb:96:in `run'
	/usr/local/lib/ruby/2.3.0/webrick/server.rb:314:in `block in start_thread'
192.168.65.1 - - [13/Jul/2026:15:17:03 UTC] "GET /health HTTP/1.1" 500 297
- -> /health
[2026-07-13 15:17:05] ERROR LocalJumpError: unexpected return
	bright_harness.rb:108:in `block in <main>'
	/usr/local/bundle/gems/rack-1.6.4/lib/rack/handler/webrick.rb:88:in `service'
	/usr/local/lib/ruby/2.3.0/webrick/httpserver.rb:140:in `service'
	/usr/local/lib/ruby/2.3.0/webrick/httpserver.rb:96:in `run'
	/usr/local/lib/ruby/2.3.0/webrick/server.rb:314:in `block in start_thread'
192.168.65.1 - - [13/Jul/2026:15:17:05 UTC] "GET /health HTTP/1.1" 500 297
- -> /health
[2026-07-13 15:17:07] ERROR LocalJumpError: unexpected return
	bright_harness.rb:108:in `block in <main>'
	/usr/local/bundle/gems/rack-1.6.4/lib/rack/handler/webrick.rb:88:in `service'
	/usr/local/lib/ruby/2.3.0/webrick/httpserver.rb:140:in `service'
	/usr/local/lib/ruby/2.3.0/webrick/httpserver.rb:96:in `run'
	/usr/local/lib/ruby/2.3.0/webrick/server.rb:314:in `block in start_thread'
192.168.65.1 - - [13/Jul/2026:15:17:07 UTC] "GET /health HTTP/1.1" 500 297
- -> /health
[2026-07-13 15:17:09] ERROR LocalJumpError: unexpected return
	bright_harness.rb:108:in `block in <main>'
	/usr/local/bundle/gems/rack-1.6.4/lib/rack/handler/webrick.rb:88:in `service'
	/usr/local/lib/ruby/2.3.0/webrick/httpserver.rb:140:in `service'
	/usr/local/lib/ruby/2.3.0/webrick/httpserver.rb:96:in `run'
	/usr/local/lib/ruby/2.3.0/webrick/server.rb:314:in `block in start_thread'
192.168.65.1 - - [13/Jul/2026:15:17:09 UTC] "GET /health HTTP/1.1" 500 297
- -> /health
[2026-07-13 15:17:11] ERROR LocalJumpError: unexpected return
	bright_harness.rb:108:in `block in <main>'
	/usr/local/bundle/gems/rack-1.6.4/lib/rack/handler/webrick.rb:88:in `service'
	/usr/local/lib/ruby/2.3.0/webrick/httpserver.rb:140:in `service'
	/usr/local/lib/ruby/2.3.0/webrick/httpserver.rb:96:in `run'
	/usr/local/lib/ruby/2.3.0/webrick/server.rb:314:in `block in start_thread'
192.168.65.1 - - [13/Jul/2026:15:17:11 UTC] "GET /health HTTP/1.1" 500 297
- -> /health
[2026-07-13 15:17:13] ERROR LocalJumpError: unexpected return
	bright_harness.rb:108:in `block in <main>'
	/usr/local/bundle/gems/rack-1.6.4/lib/rack/handler/webrick.rb:88:in `service'
	/usr/local/lib/ruby/2.3.0/webrick/httpserver.rb:140:in `service'
	/usr/local/lib/ruby/2.3.0/webrick/httpserver.rb:96:in `run'
	/usr/local/lib/ruby/2.3.0/webrick/server.rb:314:in `block in start_thread'
192.168.65.1 - - [13/Jul/2026:15:17:13 UTC] "GET /health HTTP/1.1" 500 297
- -> /health
[2026-07-13 15:17:15] ERROR LocalJumpError: unexpected return
	bright_harness.rb:108:in `block in <main>'
	/usr/local/bundle/gems/rack-1.6.4/lib/rack/handler/webrick.rb:88:in `service'
	/usr/local/lib/ruby/2.3.0/webrick/httpserver.rb:140:in `service'
	/usr/local/lib/ruby/2.3.0/webrick/httpserver.rb:96:in `run'
	/usr/local/lib/ruby/2.3.0/webrick/server.rb:314:in `block in start_thread'
192.168.65.1 - - [13/Jul/2026:15:17:15 UTC] "GET /health HTTP/1.1" 500 297
- -> /health
[2026-07-13 15:17:17] ERROR LocalJumpError: unexpected return
	bright_harness.rb:108:in `block in <main>'
	/usr/local/bundle/gems/rack-1.6.4/lib/rack/handler/webrick.rb:88:in `service'
	/usr/local/lib/ruby/2.3.0/webrick/httpserver.rb:140:in `service'
	/usr/local/lib/ruby/2.3.0/webrick/httpserver.rb:96:in `run'
	/usr/local/lib/ruby/2.3.0/webrick/server.rb:314:in `block in start_thread'
192.168.65.1 - - [13/Jul/2026:15:17:17 UTC] "GET /health HTTP/1.1" 500 297
- -> /health
[2026-07-13 15:17:19] ERROR LocalJumpError: unexpected return
	bright_harness.rb:108:in `block in <main>'
	/usr/local/bundle/gems/rack-1.6.4/lib/rack/handler/webrick.rb:88:in `service'
	/usr/local/lib/ruby/2.3.0/webrick/httpserver.rb:140:in `service'
	/usr/local/lib/ruby/2.3.0/webrick/httpserver.rb:96:in `run'
	/usr/local/lib/ruby/2.3.0/webrick/server.rb:314:in `block in start_thread'
192.168.65.1 - - [13/Jul/2026:15:17:19 UTC] "GET /health HTTP/1.1" 500 297
- -> /health
[2026-07-13 15:17:21] ERROR LocalJumpError: unexpected return
	bright_harness.rb:108:in `block in <main>'
	/usr/local/bundle/gems/rack-1.6.4/lib/rack/handler/webrick.rb:88:in `service'
	/usr/local/lib/ruby/2.3.0/webrick/httpserver.rb:140:in `service'
	/usr/local/lib/ruby/2.3.0/webrick/httpserver.rb:96:in `run'
	/usr/local/lib/ruby/2.3.0/webrick/server.rb:314:in `block in start_thread'
192.168.65.1 - - [13/Jul/2026:15:17:21 UTC] "GET /health HTTP/1.1" 500 297
- -> /health
[2026-07-13 15:17:23] ERROR LocalJumpError: unexpected return
	bright_harness.rb:108:in `block in <main>'
	/usr/local/bundle/gems/rack-1.6.4/lib/rack/handler/webrick.rb:88:in `service'
	/usr/local/lib/ruby/2.3.0/webrick/httpserver.rb:140:in `service'
	/usr/local/lib/ruby/2.3.0/webrick/httpserver.rb:96:in `run'
	/usr/local/lib/ruby/2.3.0/webrick/server.rb:314:in `block in start_thread'
192.168.65.1 - - [13/Jul/2026:15:17:23 UTC] "GET /health HTTP/1.1" 500 297
- -> /health
[2026-07-13 15:17:25] ERROR LocalJumpError: unexpected return
	bright_harness.rb:108:in `block in <main>'
	/usr/local/bundle/gems/rack-1.6.4/lib/rack/handler/webrick.rb:88:in `service'
	/usr/local/lib/ruby/2.3.0/webrick/httpserver.rb:140:in `service'
	/usr/local/lib/ruby/2.3.0/webrick/httpserver.rb:96:in `run'
	/usr/local/lib/ruby/2.3.0/webrick/server.rb:314:in `block in start_thread'
192.168.65.1 - - [13/Jul/2026:15:17:25 UTC] "GET /health HTTP/1.1" 500 297
- -> /health
[2026-07-13 15:17:27] ERROR LocalJumpError: unexpected return
	bright_harness.rb:108:in `block in <main>'
	/usr/local/bundle/gems/rack-1.6.4/lib/rack/handler/webrick.rb:88:in `service'
	/usr/local/lib/ruby/2.3.0/webrick/httpserver.rb:140:in `service'
	/usr/local/lib/ruby/2.3.0/webrick/httpserver.rb:96:in `run'
	/usr/local/lib/ruby/2.3.0/webrick/server.rb:314:in `block in start_thread'
192.168.65.1 - - [13/Jul/2026:15:17:27 UTC] "GET /health HTTP/1.1" 500 297
- -> /health
[2026-07-13 15:17:29] ERROR LocalJumpError: unexpected return
	bright_harness.rb:108:in `block in <main>'
	/usr/local/bundle/gems/rack-1.6.4/lib/rack/handler/webrick.rb:88:in `service'
	/usr/local/lib/ruby/2.3.0/webrick/httpserver.rb:140:in `service'
	/usr/local/lib/ruby/2.3.0/webrick/httpserver.rb:96:in `run'
	/usr/local/lib/ruby/2.3.0/webrick/server.rb:314:in `block in start_thread'
192.168.65.1 - - [13/Jul/2026:15:17:29 UTC] "GET /health HTTP/1.1" 500 297
- -> /health
[2026-07-13 15:17:31] ERROR LocalJumpError: unexpected return
	bright_harness.rb:108:in `block in <main>'
	/usr/local/bundle/gems/rack-1.6.4/lib/rack/handler/webrick.rb:88:in `service'
	/usr/local/lib/ruby/2.3.0/webrick/httpserver.rb:140:in `service'
	/usr/local/lib/ruby/2.3.0/webrick/httpserver.rb:96:in `run'
	/usr/local/lib/ruby/2.3.0/webrick/server.rb:314:in `block in start_thread'
192.168.65.1 - - [13/Jul/2026:15:17:31 UTC] "GET /health HTTP/1.1" 500 297
- -> /health
[2026-07-13 15:17:33] ERROR LocalJumpError: unexpected return
	bright_harness.rb:108:in `block in <main>'
	/usr/local/bundle/gems/rack-1.6.4/lib/rack/handler/webrick.rb:88:in `service'
	/usr/local/lib/ruby/2.3.0/webrick/httpserver.rb:140:in `service'
	/usr/local/lib/ruby/2.3.0/webrick/httpserver.rb:96:in `run'
	/usr/local/lib/ruby/2.3.0/webrick/server.rb:314:in `block in start_thread'
192.168.65.1 - - [13/Jul/2026:15:17:33 UTC] "GET /health HTTP/1.1" 500 297
- -> /health
[2026-07-13 15:17:35] ERROR LocalJumpError: unexpected return
	bright_harness.rb:108:in `block in <main>'
	/usr/local/bundle/gems/rack-1.6.4/lib/rack/handler/webrick.rb:88:in `service'
	/usr/local/lib/ruby/2.3.0/webrick/httpserver.rb:140:in `service'
	/usr/local/lib/ruby/2.3.0/webrick/httpserver.rb:96:in `run'
	/usr/local/lib/ruby/2.3.0/webrick/server.rb:314:in `block in start_thread'
192.168.65.1 - - [13/Jul/2026:15:17:35 UTC] "GET /health HTTP/1.1" 500 297
- -> /health
[2026-07-13 15:17:38] ERROR LocalJumpError: unexpected return
	bright_harness.rb:108:in `block in <main>'
	/usr/local/bundle/gems/rack-1.6.4/lib/rack/handler/webrick.rb:88:in `service'
	/usr/local/lib/ruby/2.3.0/webrick/httpserver.rb:140:in `service'
	/usr/local/lib/ruby/2.3.0/webrick/httpserver.rb:96:in `run'
	/usr/local/lib/ruby/2.3.0/webrick/server.rb:314:in `block in start_thread'
192.168.65.1 - - [13/Jul/2026:15:17:38 UTC] "GET /health HTTP/1.1" 500 297
- -> /health
[2026-07-13 15:17:40] ERROR LocalJumpError: unexpected return
	bright_harness.rb:108:in `block in <main>'
	/usr/local/bundle/gems/rack-1.6.4/lib/rack/handler/webrick.rb:88:in `service'
	/usr/local/lib/ruby/2.3.0/webrick/httpserver.rb:140:in `service'
	/usr/local/lib/ruby/2.3.0/webrick/httpserver.rb:96:in `run'
	/usr/local/lib/ruby/2.3.0/webrick/server.rb:314:in `block in start_thread'
192.168.65.1 - - [13/Jul/2026:15:17:40 UTC] "GET /health HTTP/1.1" 500 297
- -> /health
[2026-07-13 15:17:42] ERROR LocalJumpError: unexpected return
	bright_harness.rb:108:in `block in <main>'
	/usr/local/bundle/gems/rack-1.6.4/lib/rack/handler/webrick.rb:88:in `service'
	/usr/local/lib/ruby/2.3.0/webrick/httpserver.rb:140:in `service'
	/usr/local/lib/ruby/2.3.0/webrick/httpserver.rb:96:in `run'
	/usr/local/lib/ruby/2.3.0/webrick/server.rb:314:in `block in start_thread'
192.168.65.1 - - [13/Jul/2026:15:17:42 UTC] "GET /health HTTP/1.1" 500 297
- -> /health
[2026-07-13 15:17:44] ERROR LocalJumpError: unexpected return
	bright_harness.rb:108:in `block in <main>'
	/usr/local/bundle/gems/rack-1.6.4/lib/rack/handler/webrick.rb:88:in `service'
	/usr/local/lib/ruby/2.3.0/webrick/httpserver.rb:140:in `service'
	/usr/local/lib/ruby/2.3.0/webrick/httpserver.rb:96:in `run'
	/usr/local/lib/ruby/2.3.0/webrick/server.rb:314:in `block in start_thread'
192.168.65.1 - - [13/Jul/2026:15:17:44 UTC] "GET /health HTTP/1.1" 500 297
- -> /health
[2026-07-13 15:17:46] ERROR LocalJumpError: unexpected return
	bright_harness.rb:108:in `block in <main>'
	/usr/local/bundle/gems/rack-1.6.4/lib/rack/handler/webrick.rb:88:in `service'
	/usr/local/lib/ruby/2.3.0/webrick/httpserver.rb:140:in `service'
	/usr/local/lib/ruby/2.3.0/webrick/httpserver.rb:96:in `run'
	/usr/local/lib/ruby/2.3.0/webrick/server.rb:314:in `block in start_thread'
192.168.65.1 - - [13/Jul/2026:15:17:46 UTC] "GET /health HTTP/1.1" 500 297
- -> /health
[2026-07-13 15:17:48] ERROR LocalJumpError: unexpected return
	bright_harness.rb:108:in `block in <main>'
	/usr/local/bundle/gems/rack-1.6.4/lib/rack/handler/webrick.rb:88:in `service'
	/usr/local/lib/ruby/2.3.0/webrick/httpserver.rb:140:in `service'
	/usr/local/lib/ruby/2.3.0/webrick/httpserver.rb:96:in `run'
	/usr/local/lib/ruby/2.3.0/webrick/server.rb:314:in `block in start_thread'
192.168.65.1 - - [13/Jul/2026:15:17:48 UTC] "GET /health HTTP/1.1" 500 297
- -> /health
[2026-07-13 15:17:50] ERROR LocalJumpError: unexpected return
	bright_harness.rb:108:in `block in <main>'
	/usr/local/bundle/gems/rack-1.6.4/lib/rack/handler/webrick.rb:88:in `service'
	/usr/local/lib/ruby/2.3.0/webrick/httpserver.rb:140:in `service'
	/usr/local/lib/ruby/2.3.0/webrick/httpserver.rb:96:in `run'
	/usr/local/lib/ruby/2.3.0/webrick/server.rb:314:in `block in start_thread'
192.168.65.1 - - [13/Jul/2026:15:17:50 UTC] "GET /health HTTP/1.1" 500 297
- -> /health
[2026-07-13 15:17:52] ERROR LocalJumpError: unexpected return
	bright_harness.rb:108:in `block in <main>'
	/usr/local/bundle/gems/rack-1.6.4/lib/rack/handler/webrick.rb:88:in `service'
	/usr/local/lib/ruby/2.3.0/webrick/httpserver.rb:140:in `service'
	/usr/local/lib/ruby/2.3.0/webrick/httpserver.rb:96:in `run'
	/usr/local/lib/ruby/2.3.0/webrick/server.rb:314:in `block in start_thread'
192.168.65.1 - - [13/Jul/2026:15:17:52 UTC] "GET /health HTTP/1.1" 500 297
- -> /health
[2026-07-13 15:17:54] ERROR LocalJumpError: unexpected return
	bright_harness.rb:108:in `block in <main>'
	/usr/local/bundle/gems/rack-1.6.4/lib/rack/handler/webrick.rb:88:in `service'
	/usr/local/lib/ruby/2.3.0/webrick/httpserver.rb:140:in `service'
	/usr/local/lib/ruby/2.3.0/webrick/httpserver.rb:96:in `run'
	/usr/local/lib/ruby/2.3.0/webrick/server.rb:314:in `block in start_thread'
192.168.65.1 - - [13/Jul/2026:15:17:54 UTC] "GET /health HTTP/1.1" 500 297
- -> /health
[2026-07-13 15:17:56] ERROR LocalJumpError: unexpected return
	bright_harness.rb:108:in `block in <main>'
	/usr/local/bundle/gems/rack-1.6.4/lib/rack/handler/webrick.rb:88:in `service'
	/usr/local/lib/ruby/2.3.0/webrick/httpserver.rb:140:in `service'
	/usr/local/lib/ruby/2.3.0/webrick/httpserver.rb:96:in `run'
	/usr/local/lib/ruby/2.3.0/webrick/server.rb:314:in `block in start_thread'
192.168.65.1 - - [13/Jul/2026:15:17:56 UTC] "GET /health HTTP/1.1" 500 297
- -> /health
[2026-07-13 15:17:58] ERROR LocalJumpError: unexpected return
	bright_harness.rb:108:in `block in <main>'
	/usr/local/bundle/gems/rack-1.6.4/lib/rack/handler/webrick.rb:88:in `service'
	/usr/local/lib/ruby/2.3.0/webrick/httpserver.rb:140:in `service'
	/usr/local/lib/ruby/2.3.0/webrick/httpserver.rb:96:in `run'
	/usr/local/lib/ruby/2.3.0/webrick/server.rb:314:in `block in start_thread'
192.168.65.1 - - [13/Jul/2026:15:17:58 UTC] "GET /health HTTP/1.1" 500 297
- -> /health
[2026-07-13 15:18:00] ERROR LocalJumpError: unexpected return
	bright_harness.rb:108:in `block in <main>'
	/usr/local/bundle/gems/rack-1.6.4/lib/rack/handler/webrick.rb:88:in `service'
	/usr/local/lib/ruby/2.3.0/webrick/httpserver.rb:140:in `service'
	/usr/local/lib/ruby/2.3.0/webrick/httpserver.rb:96:in `run'
	/usr/local/lib/ruby/2.3.0/webrick/server.rb:314:in `block in start_thread'
192.168.65.1 - - [13/Jul/2026:15:18:00 UTC] "GET /health HTTP/1.1" 500 297
- -> /health
[2026-07-13 15:18:02] ERROR LocalJumpError: unexpected return
	bright_harness.rb:108:in `block in <main>'
	/usr/local/bundle/gems/rack-1.6.4/lib/rack/handler/webrick.rb:88:in `service'
	/usr/local/lib/ruby/2.3.0/webrick/httpserver.rb:140:in `service'
	/usr/local/lib/ruby/2.3.0/webrick/httpserver.rb:96:in `run'
	/usr/local/lib/ruby/2.3.0/webrick/server.rb:314:in `block in start_thread'
192.168.65.1 - - [13/Jul/2026:15:18:02 UTC] "GET /health HTTP/1.1" 500 297
- -> /health
[2026-07-13 15:18:04] ERROR LocalJumpError: unexpected return
	bright_harness.rb:108:in `block in <main>'
	/usr/local/bundle/gems/rack-1.6.4/lib/rack/handler/webrick.rb:88:in `service'
	/usr/local/lib/ruby/2.3.0/webrick/httpserver.rb:140:in `service'
	/usr/local/lib/ruby/2.3.0/webrick/httpserver.rb:96:in `run'
	/usr/local/lib/ruby/2.3.0/webrick/server.rb:314:in `block in start_thread'
192.168.65.1 - - [13/Jul/2026:15:18:04 UTC] "GET /health HTTP/1.1" 500 297
- -> /health
[2026-07-13 15:18:06] ERROR LocalJumpError: unexpected return
	bright_harness.rb:108:in `block in <main>'
	/usr/local/bundle/gems/rack-1.6.4/lib/rack/handler/webrick.rb:88:in `service'
	/usr/local/lib/ruby/2.3.0/webrick/httpserver.rb:140:in `service'
	/usr/local/lib/ruby/2.3.0/webrick/httpserver.rb:96:in `run'
	/usr/local/lib/ruby/2.3.0/webrick/server.rb:314:in `block in start_thread'
192.168.65.1 - - [13/Jul/2026:15:18:06 UTC] "GET /health HTTP/1.1" 500 297
- -> /health
[2026-07-13 15:18:08] ERROR LocalJumpError: unexpected return
	bright_harness.rb:108:in `block in <main>'
	/usr/local/bundle/gems/rack-1.6.4/lib/rack/handler/webrick.rb:88:in `service'
	/usr/local/lib/ruby/2.3.0/webrick/httpserver.rb:140:in `service'
	/usr/local/lib/ruby/2.3.0/webrick/httpserver.rb:96:in `run'
	/usr/local/lib/ruby/2.3.0/webrick/server.rb:314:in `block in start_thread'
192.168.65.1 - - [13/Jul/2026:15:18:08 UTC] "GET /health HTTP/1.1" 500 297
- -> /health
[2026-07-13 15:18:10] ERROR LocalJumpError: unexpected return
	bright_harness.rb:108:in `block in <main>'
	/usr/local/bundle/gems/rack-1.6.4/lib/rack/handler/webrick.rb:88:in `service'
	/usr/local/lib/ruby/2.3.0/webrick/httpserver.rb:140:in `service'
	/usr/local/lib/ruby/2.3.0/webrick/httpserver.rb:96:in `run'
	/usr/local/lib/ruby/2.3.0/webrick/server.rb:314:in `block in start_thread'
192.168.65.1 - - [13/Jul/2026:15:18:10 UTC] "GET /health HTTP/1.1" 500 297
- -> /health
[2026-07-13 15:18:12] ERROR LocalJumpError: unexpected return
	bright_harness.rb:108:in `block in <main>'
	/usr/local/bundle/gems/rack-1.6.4/lib/rack/handler/webrick.rb:88:in `service'
	/usr/local/lib/ruby/2.3.0/webrick/httpserver.rb:140:in `service'
	/usr/local/lib/ruby/2.3.0/webrick/httpserver.rb:96:in `run'
	/usr/local/lib/ruby/2.3.0/webrick/server.rb:314:in `block in start_thread'
192.168.65.1 - - [13/Jul/2026:15:18:12 UTC] "GET /health HTTP/1.1" 500 297
- -> /health
[2026-07-13 15:18:14] ERROR LocalJumpError: unexpected return
	bright_harness.rb:108:in `block in <main>'
	/usr/local/bundle/gems/rack-1.6.4/lib/rack/handler/webrick.rb:88:in `service'
	/usr/local/lib/ruby/2.3.0/webrick/httpserver.rb:140:in `service'
	/usr/local/lib/ruby/2.3.0/webrick/httpserver.rb:96:in `run'
	/usr/local/lib/ruby/2.3.0/webrick/server.rb:314:in `block in start_thread'
192.168.65.1 - - [13/Jul/2026:15:18:14 UTC] "GET /health HTTP/1.1" 500 297
- -> /health
[2026-07-13 15:18:16] ERROR LocalJumpError: unexpected return
	bright_harness.rb:108:in `block in <main>'
	/usr/local/bundle/gems/rack-1.6.4/lib/rack/handler/webrick.rb:88:in `service'
	/usr/local/lib/ruby/2.3.0/webrick/httpserver.rb:140:in `service'
	/usr/local/lib/ruby/2.3.0/webrick/httpserver.rb:96:in `run'
	/usr/local/lib/ruby/2.3.0/webrick/server.rb:314:in `block in start_thread'
192.168.65.1 - - [13/Jul/2026:15:18:16 UTC] "GET /health HTTP/1.1" 500 297
- -> /health
[2026-07-13 15:18:18] ERROR LocalJumpError: unexpected return
	bright_harness.rb:108:in `block in <main>'
	/usr/local/bundle/gems/rack-1.6.4/lib/rack/handler/webrick.rb:88:in `service'
	/usr/local/lib/ruby/2.3.0/webrick/httpserver.rb:140:in `service'
	/usr/local/lib/ruby/2.3.0/webrick/httpserver.rb:96:in `run'
	/usr/local/lib/ruby/2.3.0/webrick/server.rb:314:in `block in start_thread'
192.168.65.1 - - [13/Jul/2026:15:18:18 UTC] "GET /health HTTP/1.1" 500 297
- -> /health
[2026-07-13 15:18:20] ERROR LocalJumpError: unexpected return
	bright_harness.rb:108:in `block in <main>'
	/usr/local/bundle/gems/rack-1.6.4/lib/rack/handler/webrick.rb:88:in `service'
	/usr/local/lib/ruby/2.3.0/webrick/httpserver.rb:140:in `service'
	/usr/local/lib/ruby/2.3.0/webrick/httpserver.rb:96:in `run'
	/usr/local/lib/ruby/2.3.0/webrick/server.rb:314:in `block in start_thread'
192.168.65.1 - - [13/Jul/2026:15:18:20 UTC] "GET /health HTTP/1.1" 500 297
- -> /health
[2026-07-13 15:18:22] ERROR LocalJumpError: unexpected return
	bright_harness.rb:108:in `block in <main>'
	/usr/local/bundle/gems/rack-1.6.4/lib/rack/handler/webrick.rb:88:in `service'
	/usr/local/lib/ruby/2.3.0/webrick/httpserver.rb:140:in `service'
	/usr/local/lib/ruby/2.3.0/webrick/httpserver.rb:96:in `run'
	/usr/local/lib/ruby/2.3.0/webrick/server.rb:314:in `block in start_thread'
192.168.65.1 - - [13/Jul/2026:15:18:22 UTC] "GET /health HTTP/1.1" 500 297
- -> /health
[2026-07-13 15:18:24] ERROR LocalJumpError: unexpected return
	bright_harness.rb:108:in `block in <main>'
	/usr/local/bundle/gems/rack-1.6.4/lib/rack/handler/webrick.rb:88:in `service'
	/usr/local/lib/ruby/2.3.0/webrick/httpserver.rb:140:in `service'
	/usr/local/lib/ruby/2.3.0/webrick/httpserver.rb:96:in `run'
	/usr/local/lib/ruby/2.3.0/webrick/server.rb:314:in `block in start_thread'
192.168.65.1 - - [13/Jul/2026:15:18:24 UTC] "GET /health HTTP/1.1" 500 297
- -> /health
[2026-07-13 15:18:26] ERROR LocalJumpError: unexpected return
	bright_harness.rb:108:in `block in <main>'
	/usr/local/bundle/gems/rack-1.6.4/lib/rack/handler/webrick.rb:88:in `service'
	/usr/local/lib/ruby/2.3.0/webrick/httpserver.rb:140:in `service'
	/usr/local/lib/ruby/2.3.0/webrick/httpserver.rb:96:in `run'
	/usr/local/lib/ruby/2.3.0/webrick/server.rb:314:in `block in start_thread'
192.168.65.1 - - [13/Jul/2026:15:18:26 UTC] "GET /health HTTP/1.1" 500 297
- -> /health
[2026-07-13 15:18:28] ERROR LocalJumpError: unexpected return
	bright_harness.rb:108:in `block in <main>'
	/usr/local/bundle/gems/rack-1.6.4/lib/rack/handler/webrick.rb:88:in `service'
	/usr/local/lib/ruby/2.3.0/webrick/httpserver.rb:140:in `service'
	/usr/local/lib/ruby/2.3.0/webrick/httpserver.rb:96:in `run'
	/usr/local/lib/ruby/2.3.0/webrick/server.rb:314:in `block in start_thread'
192.168.65.1 - - [13/Jul/2026:15:18:28 UTC] "GET /health HTTP/1.1" 500 297
- -> /health
[2026-07-13 15:18:30] ERROR LocalJumpError: unexpected return
	bright_harness.rb:108:in `block in <main>'
	/usr/local/bundle/gems/rack-1.6.4/lib/rack/handler/webrick.rb:88:in `service'
	/usr/local/lib/ruby/2.3.0/webrick/httpserver.rb:140:in `service'
	/usr/local/lib/ruby/2.3.0/webrick/httpserver.rb:96:in `run'
	/usr/local/lib/ruby/2.3.0/webrick/server.rb:314:in `block in start_thread'
192.168.65.1 - - [13/Jul/2026:15:18:30 UTC] "GET /health HTTP/1.1" 500 297
- -> /health
[2026-07-13 15:18:32] ERROR LocalJumpError: unexpected return
	bright_harness.rb:108:in `block in <main>'
	/usr/local/bundle/gems/rack-1.6.4/lib/rack/handler/webrick.rb:88:in `service'
	/usr/local/lib/ruby/2.3.0/webrick/httpserver.rb:140:in `service'
	/usr/local/lib/ruby/2.3.0/webrick/httpserver.rb:96:in `run'
	/usr/local/lib/ruby/2.3.0/webrick/server.rb:314:in `block in start_thread'
192.168.65.1 - - [13/Jul/2026:15:18:32 UTC] "GET /health HTTP/1.1" 500 297
- -> /health
[2026-07-13 15:18:34] ERROR LocalJumpError: unexpected return
	bright_harness.rb:108:in `block in <main>'
	/usr/local/bundle/gems/rack-1.6.4/lib/rack/handler/webrick.rb:88:in `service'
	/usr/local/lib/ruby/2.3.0/webrick/httpserver.rb:140:in `service'
	/usr/local/lib/ruby/2.3.0/webrick/httpserver.rb:96:in `run'
	/usr/local/lib/ruby/2.3.0/webrick/server.rb:314:in `block in start_thread'
192.168.65.1 - - [13/Jul/2026:15:18:34 UTC] "GET /health HTTP/1.1" 500 297
- -> /health
[2026-07-13 15:18:36] ERROR LocalJumpError: unexpected return
	bright_harness.rb:108:in `block in <main>'
	/usr/local/bundle/gems/rack-1.6.4/lib/rack/handler/webrick.rb:88:in `service'
	/usr/local/lib/ruby/2.3.0/webrick/httpserver.rb:140:in `service'
	/usr/local/lib/ruby/2.3.0/webrick/httpserver.rb:96:in `run'
	/usr/local/lib/ruby/2.3.0/webrick/server.rb:314:in `block in start_thread'
192.168.65.1 - - [13/Jul/2026:15:18:36 UTC] "GET /health HTTP/1.1" 500 297
- -> /health
[2026-07-13 15:18:38] ERROR LocalJumpError: unexpected return
	bright_harness.rb:108:in `block in <main>'
	/usr/local/bundle/gems/rack-1.6.4/lib/rack/handler/webrick.rb:88:in `service'
	/usr/local/lib/ruby/2.3.0/webrick/httpserver.rb:140:in `service'
	/usr/local/lib/ruby/2.3.0/webrick/httpserver.rb:96:in `run'
	/usr/local/lib/ruby/2.3.0/webrick/server.rb:314:in `block in start_thread'
192.168.65.1 - - [13/Jul/2026:15:18:38 UTC] "GET /health HTTP/1.1" 500 297
- -> /health
[2026-07-13 15:18:40] ERROR LocalJumpError: unexpected return
	bright_harness.rb:108:in `block in <main>'
	/usr/local/bundle/gems/rack-1.6.4/lib/rack/handler/webrick.rb:88:in `service'
	/usr/local/lib/ruby/2.3.0/webrick/httpserver.rb:140:in `service'
	/usr/local/lib/ruby/2.3.0/webrick/httpserver.rb:96:in `run'
	/usr/local/lib/ruby/2.3.0/webrick/server.rb:314:in `block in start_thread'
192.168.65.1 - - [13/Jul/2026:15:18:40 UTC] "GET /health HTTP/1.1" 500 297
- -> /health
[2026-07-13 15:18:42] ERROR LocalJumpError: unexpected return
	bright_harness.rb:108:in `block in <main>'
	/usr/local/bundle/gems/rack-1.6.4/lib/rack/handler/webrick.rb:88:in `service'
	/usr/local/lib/ruby/2.3.0/webrick/httpserver.rb:140:in `service'
	/usr/local/lib/ruby/2.3.0/webrick/httpserver.rb:96:in `run'
	/usr/local/lib/ruby/2.3.0/webrick/server.rb:314:in `block in start_thread'
192.168.65.1 - - [13/Jul/2026:15:18:42 UTC] "GET /health HTTP/1.1" 500 297
- -> /health
[2026-07-13 15:18:44] ERROR LocalJumpError: unexpected return
	bright_harness.rb:108:in `block in <main>'
	/usr/local/bundle/gems/rack-1.6.4/lib/rack/handler/webrick.rb:88:in `service'
	/usr/local/lib/ruby/2.3.0/webrick/httpserver.rb:140:in `service'
	/usr/local/lib/ruby/2.3.0/webrick/httpserver.rb:96:in `run'
	/usr/local/lib/ruby/2.3.0/webrick/server.rb:314:in `block in start_thread'
192.168.65.1 - - [13/Jul/2026:15:18:44 UTC] "GET /health HTTP/1.1" 500 297
- -> /health
[2026-07-13 15:18:46] ERROR LocalJumpError: unexpected return
	bright_harness.rb:108:in `block in <main>'
	/usr/local/bundle/gems/rack-1.6.4/lib/rack/handler/webrick.rb:88:in `service'
	/usr/local/lib/ruby/2.3.0/webrick/httpserver.rb:140:in `service'
	/usr/local/lib/ruby/2.3.0/webrick/httpserver.rb:96:in `run'
	/usr/local/lib/ruby/2.3.0/webrick/server.rb:314:in `block in start_thread'
192.168.65.1 - - [13/Jul/2026:15:18:46 UTC] "GET /health HTTP/1.1" 500 297
- -> /health
[2026-07-13 15:18:48] ERROR LocalJumpError: unexpected return
	bright_harness.rb:108:in `block in <main>'
	/usr/local/bundle/gems/rack-1.6.4/lib/rack/handler/webrick.rb:88:in `service'
	/usr/local/lib/ruby/2.3.0/webrick/httpserver.rb:140:in `service'
	/usr/local/lib/ruby/2.3.0/webrick/httpserver.rb:96:in `run'
	/usr/local/lib/ruby/2.3.0/webrick/server.rb:314:in `block in start_thread'
192.168.65.1 - - [13/Jul/2026:15:18:48 UTC] "GET /health HTTP/1.1" 500 297
- -> /health
[2026-07-13 15:18:50] ERROR LocalJumpError: unexpected return
	bright_harness.rb:108:in `block in <main>'
	/usr/local/bundle/gems/rack-1.6.4/lib/rack/handler/webrick.rb:88:in `service'
	/usr/local/lib/ruby/2.3.0/webrick/httpserver.rb:140:in `service'
	/usr/local/lib/ruby/2.3.0/webrick/httpserver.rb:96:in `run'
	/usr/local/lib/ruby/2.3.0/webrick/server.rb:314:in `block in start_thread'
192.168.65.1 - - [13/Jul/2026:15:18:50 UTC] "GET /health HTTP/1.1" 500 297
- -> /health
[2026-07-13 15:18:52] FATAL SignalException: SIGTERM
	/usr/local/lib/ruby/2.3.0/webrick/server.rb:177:in `select'
	/usr/local/lib/ruby/2.3.0/webrick/server.rb:177:in `block in start'
	/usr/local/lib/ruby/2.3.0/webrick/server.rb:33:in `start'
	/usr/local/lib/ruby/2.3.0/webrick/server.rb:164:in `start'
	/usr/local/bundle/gems/rack-1.6.4/lib/rack/handler/webrick.rb:34:in `run'
	bright_harness.rb:120:in `<main>'
[2026-07-13 15:18:52] INFO  going to shutdown ...
[2026-07-13 15:18:52] INFO  WEBrick::HTTPServer#start done.

[exit code=1 signal=null]
